[webmarce.com/html/beloved-god/index.html]
[backblue.gif]
[fade.gif]
[index.html]
[webmarce.com/html/beloved-god/fav-icon.png]
[webmarce.com/html/beloved-god/css/bootstrap.css]
[webmarce.com/html/beloved-god/css/font-awesome.css]
[webmarce.com/html/beloved-god/css/flaticon.css]
[webmarce.com/html/beloved-god/css/slick-slider.css]
[webmarce.com/html/beloved-god/css/fancybox.css]
[webmarce.com/html/beloved-god/css/jplayer.css]
[webmarce.com/html/beloved-god/style.css]
[webmarce.com/html/beloved-god/css/color.css]
[webmarce.com/html/beloved-god/css/responsive.css]
[webmarce.com/html/beloved-god/index-2.html]
[webmarce.com/html/beloved-god/images/logo.png]
[webmarce.com/html/beloved-god/blog-grid.html]
[webmarce.com/html/beloved-god/blog-grid-wls.html]
[webmarce.com/html/beloved-god/blog-grid-wrs.html]
[webmarce.com/html/beloved-god/blog-large.html]
[webmarce.com/html/beloved-god/blog-large-wls.html]
[webmarce.com/html/beloved-god/blog-detail.html]
[webmarce.com/html/beloved-god/blog-detail-wls.html]
[webmarce.com/html/beloved-god/cause-grid.html]
[webmarce.com/html/beloved-god/cause-grid-wls.html]
[webmarce.com/html/beloved-god/cause-grid-wrs.html]
[webmarce.com/html/beloved-god/cause-modern.html]
[webmarce.com/html/beloved-god/cause-modern-wls.html]
[webmarce.com/html/beloved-god/cause-modern-wrs.html]
[webmarce.com/html/beloved-god/cause-list.html]
[webmarce.com/html/beloved-god/cause-list-wls.html]
[webmarce.com/html/beloved-god/cause-detail.html]
[webmarce.com/html/beloved-god/cause-detail-wls.html]
[webmarce.com/html/beloved-god/event-grid.html]
[webmarce.com/html/beloved-god/event-grid-wls.html]
[webmarce.com/html/beloved-god/event-grid-wrs.html]
[webmarce.com/html/beloved-god/event-list.html]
[webmarce.com/html/beloved-god/event-list-wls.html]
[webmarce.com/html/beloved-god/event-detail.html]
[webmarce.com/html/beloved-god/event-detail-wls.html]
[webmarce.com/html/beloved-god/sermon-grid.html]
[webmarce.com/html/beloved-god/sermon-grid-wls.html]
[webmarce.com/html/beloved-god/sermon-grid-wrs.html]
[webmarce.com/html/beloved-god/sermon-list.html]
[webmarce.com/html/beloved-god/sermon-list-wls.html]
[webmarce.com/html/beloved-god/sermon-detail.html]
[webmarce.com/html/beloved-god/sermon-detail-wls.html]
[webmarce.com/html/beloved-god/team-grid.html]
[webmarce.com/html/beloved-god/team-grid-wls.html]
[webmarce.com/html/beloved-god/team-grid-wrs.html]
[webmarce.com/html/beloved-god/team-detail.html]
[webmarce.com/html/beloved-god/about-us.html]
[webmarce.com/html/beloved-god/gallery.html]
[webmarce.com/html/beloved-god/contact-us.html]
[webmarce.com/html/beloved-god/faq.html]
[webmarce.com/html/beloved-god/404.html]
[webmarce.com/html/beloved-god/search-result.html]
[webmarce.com/html/beloved-god/extra-images/banner-1.jpg]
[webmarce.com/html/beloved-god/images/title-img1.png]
[webmarce.com/html/beloved-god/extra-images/about-service-img1.jpg]
[webmarce.com/html/beloved-god/extra-images/about-service-img2.jpg]
[webmarce.com/html/beloved-god/extra-images/about-service-img3.jpg]
[webmarce.com/html/beloved-god/extra-images/author-thumb-img.jpg]
[webmarce.com/html/beloved-god/images/title-img2.png]
[webmarce.com/html/beloved-god/extra-images/upcoming-events-img1.jpg]
[webmarce.com/html/beloved-god/extra-images/upcoming-events-img2.jpg]
[webmarce.com/html/beloved-god/extra-images/upcoming-events-img3.jpg]
[webmarce.com/html/beloved-god/extra-images/upcoming-events-img4.jpg]
[webmarce.com/html/beloved-god/images/plyer-list-img.jpg]
[webmarce.com/html/beloved-god/extra-images/church-gallery-img1.jpg]
[webmarce.com/html/beloved-god/extra-images/church-gallery-img2.jpg]
[webmarce.com/html/beloved-god/extra-images/church-gallery-img3.jpg]
[webmarce.com/html/beloved-god/extra-images/church-gallery-img4.jpg]
[webmarce.com/html/beloved-god/extra-images/church-gallery-img5.jpg]
[webmarce.com/html/beloved-god/extra-images/testimonial-img3.jpg]
[webmarce.com/html/beloved-god/extra-images/testimonial-img1.jpg]
[webmarce.com/html/beloved-god/extra-images/testimonial-img2.jpg]
[webmarce.com/html/beloved-god/extra-images/blog-grid-slider-1.jpg]
[webmarce.com/html/beloved-god/extra-images/blog-grid-slider-2.jpg]
[webmarce.com/html/beloved-god/extra-images/blog-grid-slider-3.jpg]
[webmarce.com/html/beloved-god/extra-images/widget-sermon-img1.jpg]
[webmarce.com/html/beloved-god/extra-images/widget-sermon-img2.jpg]
[webmarce.com/html/beloved-god/extra-images/widget-sermon-img3.jpg]
[webmarce.com/html/beloved-god/extra-images/widget-gallery-img1.jpg]
[webmarce.com/html/beloved-god/extra-images/widget-gallery-img2.jpg]
[webmarce.com/html/beloved-god/extra-images/widget-gallery-img3.jpg]
[webmarce.com/html/beloved-god/extra-images/widget-gallery-img4.jpg]
[webmarce.com/html/beloved-god/extra-images/widget-gallery-img5.jpg]
[webmarce.com/html/beloved-god/extra-images/widget-gallery-img6.jpg]
[webmarce.com/html/beloved-god/script/jquery.js]
[webmarce.com/html/beloved-god/script/bootstrap.min.js]
[webmarce.com/html/beloved-god/script/slick.slider.min.js]
[webmarce.com/html/beloved-god/script/fancybox.pack.js]
[webmarce.com/html/beloved-god/script/isotope.min.js]
[webmarce.com/html/beloved-god/script/progressbar.js]
[webmarce.com/html/beloved-god/script/jquery.countdown.min.js]
[webmarce.com/html/beloved-god/script/jplayer.functions.js]
[webmarce.com/html/beloved-god/script/jquery.countdown.one.js]
[webmarce.com/html/beloved-god/script/jquery.jplayer.js]
[webmarce.com/html/beloved-god/script/jplayer.playlist.js]
[webmarce.com/html/beloved-god/index.html]
[webmarce.com/html/beloved-god/script/functions.js]
[webmarce.com/html/beloved-god/extra-images/countdown-back-img.jpg]
[webmarce.com/html/beloved-god/css/bootstrap.css]
[webmarce.com/html/beloved-god/fonts/fontawesome-webfont3e6e.eot]
[webmarce.com/html/beloved-god/fonts/fontawesome-webfontd41d.eot]
[webmarce.com/html/beloved-god/fonts/fontawesome-webfont3e6e.woff2]
[webmarce.com/html/beloved-god/fonts/fontawesome-webfont3e6e.woff]
[webmarce.com/html/beloved-god/fonts/fontawesome-webfont3e6e.ttf]
[webmarce.com/html/beloved-god/css/font-awesome.css]
[webmarce.com/html/beloved-god/fonts/fontawesome-webfont3e6e.svg]
[webmarce.com/html/beloved-god/fonts/icomoona429.eot]
[webmarce.com/html/beloved-god/fonts/icomoona429.ttf]
[webmarce.com/html/beloved-god/fonts/icomoona429.woff]
[webmarce.com/html/beloved-god/css/flaticon.css]
[webmarce.com/html/beloved-god/css/slick-slider.css]
[webmarce.com/html/beloved-god/fonts/icomoona429.svg]
[webmarce.com/html/beloved-god/images/fancybox/fancybox_sprite.png]
[webmarce.com/html/beloved-god/images/fancybox/blank.gif]
[webmarce.com/html/beloved-god/images/fancybox/fancybox_overlay.png]
[webmarce.com/html/beloved-god/images/fancybox/fancybox_sprite@2x.png]
[webmarce.com/html/beloved-god/images/fancybox/fancybox_loading@2x.gif]
[webmarce.com/html/beloved-god/css/fancybox.css]
[webmarce.com/html/beloved-god/css/jplayer.css]
[webmarce.com/html/beloved-god/extra-images/footer-back-img.jpg]
[webmarce.com/html/beloved-god/extra-images/subheadr-img.jpg]
[webmarce.com/html/beloved-god/extra-images/error-img.png]
[webmarce.com/html/beloved-god/style.css]
[webmarce.com/html/beloved-god/css/color.css]
[webmarce.com/html/beloved-god/css/responsive.css]
[webmarce.com/html/beloved-god/index-2.html]
[webmarce.com/html/beloved-god/extra-images/blog-grid-img1.jpg]
[webmarce.com/html/beloved-god/extra-images/blog-grid-img2.jpg]
[webmarce.com/html/beloved-god/extra-images/blog-grid-img3.jpg]
[webmarce.com/html/beloved-god/extra-images/blog-grid-img4.jpg]
[webmarce.com/html/beloved-god/extra-images/blog-grid-img5.jpg]
[webmarce.com/html/beloved-god/extra-images/blog-grid-img6.jpg]
[webmarce.com/html/beloved-god/extra-images/blog-grid-img7.jpg]
[webmarce.com/html/beloved-god/extra-images/blog-grid-img8.jpg]
[webmarce.com/html/beloved-god/extra-images/blog-grid-img9.jpg]
[webmarce.com/html/beloved-god/blog-grid.html]
[webmarce.com/html/beloved-god/extra-images/popular-post-img1.jpg]
[webmarce.com/html/beloved-god/extra-images/popular-post-img2.jpg]
[webmarce.com/html/beloved-god/extra-images/popular-post-img3.jpg]
[webmarce.com/html/beloved-god/extra-images/popular-post-img4.jpg]
[webmarce.com/html/beloved-god/extra-images/side-gallery-img1.jpg]
[webmarce.com/html/beloved-god/extra-images/side-gallery-img2.jpg]
[webmarce.com/html/beloved-god/extra-images/side-gallery-img3.jpg]
[webmarce.com/html/beloved-god/extra-images/side-gallery-img4.jpg]
[webmarce.com/html/beloved-god/extra-images/side-gallery-img5.jpg]
[webmarce.com/html/beloved-god/extra-images/side-gallery-img6.jpg]
[webmarce.com/html/beloved-god/extra-images/side-gallery-img7.jpg]
[webmarce.com/html/beloved-god/extra-images/side-gallery-img8.jpg]
[webmarce.com/html/beloved-god/extra-images/side-gallery-img9.jpg]
[webmarce.com/html/beloved-god/blog-grid-wls.html]
[webmarce.com/html/beloved-god/blog-grid-wrs.html]
[webmarce.com/html/beloved-god/extra-images/blog-large-img1.jpg]
[webmarce.com/html/beloved-god/extra-images/blog-large-img2.jpg]
[webmarce.com/html/beloved-god/extra-images/blog-large-img3.jpg]
[webmarce.com/html/beloved-god/extra-images/blog-large-img4.jpg]
[webmarce.com/html/beloved-god/blog-large.html]
[webmarce.com/html/beloved-god/blog-large-wls.html]
[webmarce.com/html/beloved-god/extra-images/blog-detail-thumb.jpg]
[webmarce.com/html/beloved-god/extra-images/author-blog-img.jpg]
[webmarce.com/html/beloved-god/extra-images/related-blog-img1.jpg]
[webmarce.com/html/beloved-god/extra-images/related-blog-img2.jpg]
[webmarce.com/html/beloved-god/extra-images/comment-img1.jpg]
[webmarce.com/html/beloved-god/extra-images/comment-img2.jpg]
[webmarce.com/html/beloved-god/extra-images/comment-img3.jpg]
[webmarce.com/html/beloved-god/extra-images/comment-img4.jpg]
[webmarce.com/html/beloved-god/blog-detail.html]
[webmarce.com/html/beloved-god/blog-detail-wls.html]
[webmarce.com/html/beloved-god/extra-images/cause-grid-img1.jpg]
[webmarce.com/html/beloved-god/extra-images/cause-grid-img2.jpg]
[webmarce.com/html/beloved-god/extra-images/cause-grid-img3.jpg]
[webmarce.com/html/beloved-god/extra-images/cause-grid-img4.jpg]
[webmarce.com/html/beloved-god/extra-images/cause-grid-img5.jpg]
[webmarce.com/html/beloved-god/extra-images/cause-grid-img6.jpg]
[webmarce.com/html/beloved-god/extra-images/cause-grid-img7.jpg]
[webmarce.com/html/beloved-god/extra-images/cause-grid-img8.jpg]
[webmarce.com/html/beloved-god/extra-images/cause-grid-img9.jpg]
[webmarce.com/html/beloved-god/cause-grid.html]
[webmarce.com/html/beloved-god/cause-grid-wls.html]
[webmarce.com/html/beloved-god/cause-grid-wrs.html]
[webmarce.com/html/beloved-god/extra-images/related-cause-img1.jpg]
[webmarce.com/html/beloved-god/extra-images/related-cause-img2.jpg]
[webmarce.com/html/beloved-god/extra-images/related-cause-img3.jpg]
[webmarce.com/html/beloved-god/extra-images/related-cause-img4.jpg]
[webmarce.com/html/beloved-god/extra-images/related-cause-img5.jpg]
[webmarce.com/html/beloved-god/extra-images/related-cause-img6.jpg]
[webmarce.com/html/beloved-god/extra-images/related-cause-img7.jpg]
[webmarce.com/html/beloved-god/extra-images/related-cause-img8.jpg]
[webmarce.com/html/beloved-god/cause-modern.html]
[webmarce.com/html/beloved-god/cause-modern-wls.html]
[webmarce.com/html/beloved-god/cause-modern-wrs.html]
[webmarce.com/html/beloved-god/extra-images/cause-list-img1.jpg]
[webmarce.com/html/beloved-god/extra-images/cause-list-img2.jpg]
[webmarce.com/html/beloved-god/extra-images/cause-list-img3.jpg]
[webmarce.com/html/beloved-god/extra-images/cause-list-img4.jpg]
[webmarce.com/html/beloved-god/extra-images/cause-list-img5.jpg]
[webmarce.com/html/beloved-god/extra-images/cause-list-img6.jpg]
[webmarce.com/html/beloved-god/cause-list.html]
[webmarce.com/html/beloved-god/cause-list-wls.html]
[webmarce.com/html/beloved-god/extra-images/cause-detail-thumb.jpg]
[webmarce.com/html/beloved-god/extra-images/classic-gallery-thumb1.jpg]
[webmarce.com/html/beloved-god/extra-images/classic-gallery-thumb2.jpg]
[webmarce.com/html/beloved-god/extra-images/classic-gallery-thumb3.jpg]
[webmarce.com/html/beloved-god/extra-images/classic-gallery-thumb4.jpg]
[webmarce.com/html/beloved-god/extra-images/classic-gallery-thumb5.jpg]
[webmarce.com/html/beloved-god/extra-images/classic-gallery-thumb6.jpg]
[webmarce.com/html/beloved-god/extra-images/classic-gallery-list-img1.jpg]
[webmarce.com/html/beloved-god/extra-images/classic-gallery-list-img2.jpg]
[webmarce.com/html/beloved-god/extra-images/classic-gallery-list-img3.jpg]
[webmarce.com/html/beloved-god/extra-images/classic-gallery-list-img4.jpg]
[webmarce.com/html/beloved-god/extra-images/classic-gallery-list-img5.jpg]
[webmarce.com/html/beloved-god/extra-images/classic-gallery-list-img6.jpg]
[webmarce.com/html/beloved-god/cause-detail.html]
[webmarce.com/html/beloved-god/cause-detail-wls.html]
[webmarce.com/html/beloved-god/extra-images/event-grid-img1.jpg]
[webmarce.com/html/beloved-god/extra-images/event-grid-img2.jpg]
[webmarce.com/html/beloved-god/extra-images/event-grid-img3.jpg]
[webmarce.com/html/beloved-god/extra-images/event-grid-img4.jpg]
[webmarce.com/html/beloved-god/extra-images/event-grid-img5.jpg]
[webmarce.com/html/beloved-god/extra-images/event-grid-img6.jpg]
[webmarce.com/html/beloved-god/extra-images/event-grid-img7.jpg]
[webmarce.com/html/beloved-god/extra-images/event-grid-img8.jpg]
[webmarce.com/html/beloved-god/extra-images/event-grid-img9.jpg]
[webmarce.com/html/beloved-god/event-grid.html]
[webmarce.com/html/beloved-god/event-grid-wls.html]
[webmarce.com/html/beloved-god/event-grid-wrs.html]
[webmarce.com/html/beloved-god/extra-images/event-list-img1.jpg]
[webmarce.com/html/beloved-god/extra-images/event-list-img2.jpg]
[webmarce.com/html/beloved-god/extra-images/event-list-img3.jpg]
[webmarce.com/html/beloved-god/extra-images/event-list-img4.jpg]
[webmarce.com/html/beloved-god/extra-images/event-list-img5.jpg]
[webmarce.com/html/beloved-god/extra-images/event-list-img6.jpg]
[webmarce.com/html/beloved-god/event-list.html]
[webmarce.com/html/beloved-god/event-list-wls.html]
[webmarce.com/html/beloved-god/extra-images/event-detail-thumb.jpg]
[webmarce.com/html/beloved-god/extra-images/related-speaker-img1.jpg]
[webmarce.com/html/beloved-god/extra-images/related-speaker-img2.jpg]
[webmarce.com/html/beloved-god/extra-images/related-speaker-img3.jpg]
[webmarce.com/html/beloved-god/event-detail.html]
[webmarce.com/html/beloved-god/event-detail-wls.html]
[webmarce.com/html/beloved-god/extra-images/sermon-grid-img1.jpg]
[webmarce.com/html/beloved-god/extra-images/sermon-grid-img2.jpg]
[webmarce.com/html/beloved-god/extra-images/sermon-grid-img3.jpg]
[webmarce.com/html/beloved-god/extra-images/sermon-grid-img4.jpg]
[webmarce.com/html/beloved-god/extra-images/sermon-grid-img5.jpg]
[webmarce.com/html/beloved-god/extra-images/sermon-grid-img6.jpg]
[webmarce.com/html/beloved-god/extra-images/sermon-grid-img7.jpg]
[webmarce.com/html/beloved-god/extra-images/sermon-grid-img8.jpg]
[webmarce.com/html/beloved-god/extra-images/sermon-grid-img9.jpg]
[webmarce.com/html/beloved-god/sermon-grid.html]
[webmarce.com/html/beloved-god/sermon-grid-wls.html]
[webmarce.com/html/beloved-god/sermon-grid-wrs.html]
[webmarce.com/html/beloved-god/extra-images/sermon-list-img1.jpg]
[webmarce.com/html/beloved-god/extra-images/sermon-list-img2.jpg]
[webmarce.com/html/beloved-god/extra-images/sermon-list-img3.jpg]
[webmarce.com/html/beloved-god/extra-images/sermon-list-img4.jpg]
[webmarce.com/html/beloved-god/extra-images/sermon-list-img5.jpg]
[webmarce.com/html/beloved-god/extra-images/sermon-list-img6.jpg]
[webmarce.com/html/beloved-god/sermon-list.html]
[webmarce.com/html/beloved-god/sermon-list-wls.html]
[webmarce.com/html/beloved-god/extra-images/sermon-detail-thumb.jpg]
[webmarce.com/html/beloved-god/sermon-detail.html]
[webmarce.com/html/beloved-god/sermon-detail-wls.html]
[webmarce.com/html/beloved-god/extra-images/team-grid-img1.jpg]
[webmarce.com/html/beloved-god/extra-images/team-grid-img2.jpg]
[webmarce.com/html/beloved-god/extra-images/team-grid-img3.jpg]
[webmarce.com/html/beloved-god/extra-images/team-grid-img4.jpg]
[webmarce.com/html/beloved-god/extra-images/team-grid-img5.jpg]
[webmarce.com/html/beloved-god/extra-images/team-grid-img6.jpg]
[webmarce.com/html/beloved-god/extra-images/team-grid-img7.jpg]
[webmarce.com/html/beloved-god/extra-images/team-grid-img8.jpg]
[webmarce.com/html/beloved-god/team-grid.html]
[webmarce.com/html/beloved-god/team-grid-wls.html]
[webmarce.com/html/beloved-god/team-grid-wrs.html]
[webmarce.com/html/beloved-god/extra-images/team-detail-thumb.jpg]
[webmarce.com/html/beloved-god/team-detail.html]
[webmarce.com/html/beloved-god/extra-images/about-thumb-img.jpg]
[webmarce.com/html/beloved-god/extra-images/about-thumb-img2.png]
[webmarce.com/html/beloved-god/extra-images/event-modern-img1.jpg]
[webmarce.com/html/beloved-god/extra-images/event-modern-img2.jpg]
[webmarce.com/html/beloved-god/extra-images/event-modern-img3.jpg]
[webmarce.com/html/beloved-god/extra-images/event-modern-img4.jpg]
[webmarce.com/html/beloved-god/about-us.html]
[webmarce.com/html/beloved-god/extra-images/modern-gallery-img1.jpg]
[webmarce.com/html/beloved-god/extra-images/modern-gallery-img2.jpg]
[webmarce.com/html/beloved-god/extra-images/modern-gallery-img3.jpg]
[webmarce.com/html/beloved-god/extra-images/modern-gallery-img5.jpg]
[webmarce.com/html/beloved-god/extra-images/modern-gallery-img6.jpg]
[webmarce.com/html/beloved-god/extra-images/modern-gallery-img7.jpg]
[webmarce.com/html/beloved-god/extra-images/modern-gallery-img8.jpg]
[webmarce.com/html/beloved-god/extra-images/modern-gallery-img9.jpg]
[webmarce.com/html/beloved-god/gallery.html]
[webmarce.com/html/beloved-god/contact-us.html]
[webmarce.com/html/beloved-god/faq.html]
[webmarce.com/html/beloved-god/images/error-title.png]
[webmarce.com/html/beloved-god/404.html]
[webmarce.com/html/beloved-god/images/search-title.png]
[webmarce.com/html/beloved-god/extra-images/search-list-img1.jpg]
[webmarce.com/html/beloved-god/extra-images/search-list-img2.jpg]
[webmarce.com/html/beloved-god/extra-images/search-list-img3.jpg]
[webmarce.com/html/beloved-god/search-result.html]
[webmarce.com/html/beloved-god/fonts/glyphicons-halflings-regular.html]
[webmarce.com/html/beloved-god/fonts/glyphicons-halflings-regulard41d.html]
[webmarce.com/html/beloved-god/fonts/glyphicons-halflings-regular-2.html]
[webmarce.com/html/beloved-god/fonts/glyphicons-halflings-regular-3.html]
[webmarce.com/html/beloved-god/fonts/glyphicons-halflings-regular-4.html]
[webmarce.com/html/beloved-god/fonts/glyphicons-halflings-regular-5.html]
[webmarce.com/html/beloved-god/extra-images/cause-strip-img.jpg]
[webmarce.com/html/beloved-god/fonts/fontawesome-webfont3e6e.svg]
[webmarce.com/html/beloved-god/fonts/icomoona429.svg]
[webmarce.com/html/beloved-god/css/fancybox_loading.html]
[webmarce.com/html/beloved-god/images/jplayer.blue.monday.seeking.html]
[webmarce.com/html/beloved-god/images/jplayer.blue.monday.html]
[webmarce.com/html/beloved-god/images/jplayer.blue.monday.video.play.html]
[webmarce.com/html/beloved-god/404-2.html]
[webmarce.com/html/beloved-god/extra-images/modern-gallery-img4.jpg]
